// Jest Snapshot v1, https://goo.gl/fbAQLP

exports[`should render EditExpense correctly 1`] = `
<div>
  <ExpenseForm
    expense={
      Object {
        "amount": 100,
        "createdAt": -349200000,
        "description": "Car",
        "id": "2",
        "note": "Broken",
      }
    }
    onSubmit={[Function]}
  />
  <button
    onClick={[Function]}
  />
</div>
`;
