// Jest Snapshot v1, https://goo.gl/fbAQLP

exports[`should render NotFoundPage correctly 1`] = `
<div>
  Not Found! - 
  <Link
    replace={false}
    to="/"
  >
    Home
  </Link>
</div>
`;
